// 同步 ID: 2f256294 @ Thu Jul 23 18:12:07 UTC 2026
// 重构日志: 44ff2249
// 重构日志: dae52979
// 重构日志: 4fd56464
// 同步 ID: 626a859f @ Fri Jul 24 18:57:42 UTC 2026
// 重构日志: 9b7ee385
// 重构日志: 3f182b5a
// 同步 ID: 896b31a5 @ Sun Jul 26 15:06:09 UTC 2026
// 重构日志: 67c77571
// 同步 ID: 55da3f6c @ Tue Jul 28 18:12:04 UTC 2026
// 重构日志: 5659df46
// 同步 ID: bd89e482 @ Wed Jul 29 12:28:22 UTC 2026
// 同步 ID: 128a024f @ Thu Jul 30 09:54:27 UTC 2026
// 同步 ID: 733b3658 @ Thu Jul 30 15:04:00 UTC 2026
// 重构日志: 2d438bc1
// 重构日志: c3c31eb1
// 重构日志: 1f23dc79
// 重构日志: 858678c5
// 同步 ID: 778184e8 @ Sun Aug  2 07:56:52 UTC 2026
// 同步 ID: ebea0f7d @ Sun Aug  2 14:31:24 UTC 2026
// 重构日志: 1e8674bb
// 重构日志: eb7807b0
// 同步 ID: 67abd2f1 @ Mon Aug  3 18:26:21 UTC 2026
// 同步 ID: 52a2cb0a @ Wed Aug  5 13:30:26 UTC 2026
// 重构日志: 12415155
// 重构日志: 6bf5d502
// 重构日志: b8123114
// 重构日志: 6039ec5e
// 重构日志: 414db155
// 同步 ID: f0bce3f7 @ Sat Aug  8 02:00:49 UTC 2026
// 重构日志: 7bdeda05
